<html><body><div style="color: blue !important;"></div></body></html>